------------------------------------------------------------
       log:  C:\Documents and Settings\Jesse Rothstein\My Do
> cuments\projects\caelections\archive\figs_pis.log
  log type:  text
 opened on:   6 Mar 2010, 13:41:30

. 
. #delimit;
delimiter now ;
. clear;

. set mem 100m;

Current memory allocation

                    current                                 
> memory usage
    settable          value     description                 
> (1M = 1024k)
    --------------------------------------------------------
> ------------
    set maxvar         5000     max. variables allowed      
>      1.909M
    set memory          100M    max. data space             
>    100.000M
    set matsize         400     max. RHS vars in models     
>      1.254M
                                                            
> -----------
                                                            
>    103.163M

. set scheme s2mono;

. if c(os)=="MacOSX" {;
.   local projectbase "/Volumes/dept/wws/research/rothstein/
> projects/caelections";
. };

. else {;
.   local projectbase "t:\projects\caelections";
.   *use z:\ccd\leafinance\cleaned\leafinance_panel_ca.dta;
. };

. ***Start with figure 1:
> *  # of measures considered/passed within 4 years
> *  of election, by vote share bin relative to threshold,
> *  pooling 66 and 55% thresholds.;
. *use ../tables/programs/recursivepanel;
. use recursivepanel;

. keep if gobond==1;
(6480 observations deleted)

. gen mv=percent-req;

. gen mvbin=ceil(abs(percent-req))*sign(percent-req);

. replace mvbin=1 if percent==req & percent<.;
(100 real changes made)

.  gen bondonballot=isgobond;

.  gen winbond=bondonballot*iswin;
(8 missing values generated)

.  replace winbond=0 if bondonballot==0 & iswin==.;
(8 real changes made)

. tab year, gen(yrdums);

 schoolyear |
starting yr |
   of elec. |      Freq.     Percent        Cum.
------------+-----------------------------------
       1987 |      1,230        5.00        5.00
       1988 |      1,230        5.00       10.00
       1989 |      1,230        5.00       15.00
       1990 |      1,230        5.00       20.00
       1991 |      1,230        5.00       25.00
       1992 |      1,230        5.00       30.00
       1993 |      1,230        5.00       35.00
       1994 |      1,230        5.00       40.00
       1995 |      1,230        5.00       45.00
       1996 |      1,230        5.00       50.00
       1997 |      1,230        5.00       55.00
       1998 |      1,230        5.00       60.00
       1999 |      1,230        5.00       65.00
       2000 |      1,230        5.00       70.00
       2001 |      1,230        5.00       75.00
       2002 |      1,230        5.00       80.00
       2003 |      1,230        5.00       85.00
       2004 |      1,230        5.00       90.00
       2005 |      1,230        5.00       95.00
       2006 |      1,230        5.00      100.00
------------+-----------------------------------
      Total |     24,600      100.00

. tab dyear, gen(dydums);

      dyear |      Freq.     Percent        Cum.
------------+-----------------------------------
        -19 |        102        0.41        0.41
        -18 |        133        0.54        0.96
        -17 |        189        0.77        1.72
        -16 |        253        1.03        2.75
        -15 |        342        1.39        4.14
        -14 |        437        1.78        5.92
        -13 |        506        2.06        7.98
        -12 |        590        2.40       10.37
        -11 |        667        2.71       13.09
        -10 |        787        3.20       16.28
         -9 |        852        3.46       19.75
         -8 |        917        3.73       23.48
         -7 |        964        3.92       27.39
         -6 |      1,006        4.09       31.48
         -5 |      1,051        4.27       35.76
         -4 |      1,107        4.50       40.26
         -3 |      1,139        4.63       44.89
         -2 |      1,163        4.73       49.61
         -1 |      1,194        4.85       54.47
          0 |      1,230        5.00       59.47
          1 |      1,128        4.59       64.05
          2 |      1,097        4.46       68.51
          3 |      1,041        4.23       72.74
          4 |        977        3.97       76.72
          5 |        888        3.61       80.33
          6 |        793        3.22       83.55
          7 |        724        2.94       86.49
          8 |        640        2.60       89.09
          9 |        563        2.29       91.38
         10 |        443        1.80       93.18
         11 |        378        1.54       94.72
         12 |        313        1.27       95.99
         13 |        266        1.08       97.07
         14 |        224        0.91       97.98
         15 |        179        0.73       98.71
         16 |        123        0.50       99.21
         17 |         91        0.37       99.58
         18 |         67        0.27       99.85
         19 |         36        0.15      100.00
------------+-----------------------------------
      Total |     24,600      100.00

. *Exclude year 0 from all analyses;
. foreach v of varlist gobond_0 win_0 percent_0 percent2_0 p
> ercent3_0 req_0 {;
  2.         rename `v' tmp_`v';
  3.         };

. drop if dyear==0;
(1230 observations deleted)

.      areg iswin yrdums* dydums*
>           win_? win_1? req_? req_1? percent_? percent_1? p
> ercent2_? percent2_1? percent3_? percent3_1?
>           if gobond==1, absorb(refid) cluster(newleaid);
(dropping dydums20 because it does not vary within category)

Linear regression, absorbing indicators                Numbe
> r of obs =   23362
                                                       F(137
> ,   633) =   75.90
                                                       Prob 
> > F      =  0.0000
                                                       R-squ
> ared     =  0.1086
                                                       Adj R
> -squared =  0.0533
                                                       Root 
> MSE      =  .22649

                             (Std. Err. adjusted for 634 clu
> sters in newleaid)
------------------------------------------------------------
> ------------------
             |               Robust
       iswin |      Coef.   Std. Err.      t    P>|t|     [9
> 5% Conf. Interval]
-------------+----------------------------------------------
> ------------------
     yrdums1 |  (dropped)
     yrdums2 |  -.0305274   .0182622    -1.67   0.095    -.0
> 663892    .0053343
     yrdums3 |  -.0796742   .0284853    -2.80   0.005    -.1
> 356114   -.0237371
     yrdums4 |  -.1151228   .0408799    -2.82   0.005    -.1
> 953995   -.0348461
     yrdums5 |  -.1404319   .0539054    -2.61   0.009     -.
> 246287   -.0345768
     yrdums6 |  -.1824278   .0647748    -2.82   0.005    -.3
> 096273   -.0552283
     yrdums7 |  -.2160914   .0789048    -2.74   0.006    -.3
> 710381   -.0611446
     yrdums8 |  -.2536164   .0934972    -2.71   0.007    -.4
> 372186   -.0700142
     yrdums9 |  -.2874925   .1037945    -2.77   0.006    -.4
> 913157   -.0836694
    yrdums10 |  -.2937914   .1176621    -2.50   0.013    -.5
> 248466   -.0627361
    yrdums11 |  -.2926825   .1320494    -2.22   0.027    -.5
> 519904   -.0333746
    yrdums12 |  -.3792462    .144829    -2.62   0.009    -.6
> 636496   -.0948428
    yrdums13 |  -.4279571   .1577463    -2.71   0.007    -.7
> 377264   -.1181878
    yrdums14 |  -.4393241   .1698099    -2.59   0.010     -.
> 772783   -.1058651
    yrdums15 |  -.4259484   .1846421    -2.31   0.021    -.7
> 885336   -.0633633
    yrdums16 |  -.4858503   .1951935    -2.49   0.013    -.8
> 691555   -.1025451
    yrdums17 |  -.5182283   .2080129    -2.49   0.013    -.9
> 267072   -.1097494
    yrdums18 |  -.5681601   .2233766    -2.54   0.011    -1.
> 006809   -.1295112
    yrdums19 |  -.6452851    .236048    -2.73   0.006    -1.
> 108817   -.1817533
    yrdums20 |  -.6103615   .2455379    -2.49   0.013    -1.
> 092529   -.1281942
     dydums1 |  (dropped)
     dydums2 |   .0481184   .0283316     1.70   0.090     -.
> 007517    .1037538
     dydums3 |   .1093071   .0348562     3.14   0.002     .0
> 408593    .1777549
     dydums4 |   .1277783   .0445668     2.87   0.004     .0
> 402616    .2152949
     dydums5 |   .1650492   .0558998     2.95   0.003     .0
> 552778    .2748206
     dydums6 |   .1835213   .0672126     2.73   0.007     .0
> 515347    .3155079
     dydums7 |   .2292504   .0801843     2.86   0.004     .0
> 717911    .3867098
     dydums8 |    .271295   .0929264     2.92   0.004     .0
> 888136    .4537764
     dydums9 |   .3200921   .1064262     3.01   0.003      .
> 111101    .5290832
    dydums10 |   .3426491   .1190416     2.88   0.004     .1
> 088849    .5764133
    dydums11 |    .381391   .1312951     2.90   0.004     .1
> 235643    .6392176
    dydums12 |   .4196598   .1453626     2.89   0.004     .1
> 342086    .7051111
    dydums13 |    .456378   .1577689     2.89   0.004     .1
> 465643    .7661918
    dydums14 |   .4826949   .1706971     2.83   0.005     .1
> 474937     .817896
    dydums15 |   .5251017   .1839416     2.85   0.004     .1
> 638921    .8863113
    dydums16 |     .54813   .1966813     2.79   0.005     .1
> 619033    .9343567
    dydums17 |   .5714019   .2100681     2.72   0.007     .1
> 588873    .9839166
    dydums18 |   .6061294   .2223282     2.73   0.007     .1
> 695394     1.04272
    dydums19 |   .6213614   .2355094     2.64   0.009     .1
> 588871    1.083836
    dydums20 |  (dropped)
    dydums21 |   .9899081   .2625367     3.77   0.000     .4
> 743599    1.505456
    dydums22 |   .9225368   .2960941     3.12   0.002     .3
> 410913    1.503982
    dydums23 |   .8496306    .310725     2.73   0.006      .
> 239454    1.459807
    dydums24 |     1.1099   .3489555     3.18   0.002     .4
> 246494     1.79515
    dydums25 |   .6079288   .3623568     1.68   0.094     -.
> 103638    1.319496
    dydums26 |  (dropped)
    dydums27 |  (dropped)
    dydums28 |  (dropped)
    dydums29 |  (dropped)
    dydums30 |  (dropped)
    dydums31 |  (dropped)
    dydums32 |  (dropped)
    dydums33 |  (dropped)
    dydums34 |  (dropped)
    dydums35 |  (dropped)
    dydums36 |  (dropped)
    dydums37 |  (dropped)
    dydums38 |  (dropped)
    dydums39 |  (dropped)
       win_1 |  -.2295897   .0336593    -6.82   0.000     -.
> 295687   -.1634923
       win_2 |  -.1896044   .0309859    -6.12   0.000     -.
> 250452   -.1287568
       win_3 |  -.1103665   .0275078    -4.01   0.000     -.
> 164384    -.056349
       win_4 |  -.0973956   .0320479    -3.04   0.002    -.1
> 603287   -.0344624
       win_5 |  -.0131018   .0283734    -0.46   0.644    -.0
> 688192    .0426156
       win_6 |   -.009289   .0302233    -0.31   0.759     -.
> 068639     .050061
       win_7 |   .0045361   .0353533     0.13   0.898    -.0
> 648878      .07396
       win_8 |   .0108494   .0449412     0.24   0.809    -.0
> 774026    .0991013
       win_9 |   .0664609   .0406762     1.63   0.103    -.0
> 134157    .1463375
      win_10 |   .0051503   .0404606     0.13   0.899    -.0
> 743029    .0846036
      win_11 |   .0263636   .0585122     0.45   0.652     -.
> 088538    .1412652
      win_12 |  -.0039241   .0543065    -0.07   0.942    -.1
> 105667    .1027185
      win_13 |   .0586877   .0670542     0.88   0.382    -.0
> 729879    .1903633
      win_14 |  -.0764264    .053156    -1.44   0.151    -.1
> 808099    .0279572
      win_15 |  -.0552519   .0835779    -0.66   0.509    -.2
> 193753    .1088715
      win_16 |   .0378697   .1053553     0.36   0.719    -.1
> 690185     .244758
      win_17 |  -.0008015    .130758    -0.01   0.995    -.2
> 575735    .2559704
      win_18 |  -.0876354   .1486836    -0.59   0.556    -.3
> 796081    .2043374
      win_19 |  -.0068983   .1525759    -0.05   0.964    -.3
> 065145    .2927178
       req_1 |  -.0029441   .0015824    -1.86   0.063    -.0
> 060516    .0001633
       req_2 |  -.0023837   .0017337    -1.37   0.170    -.0
> 057882    .0010208
       req_3 |  -.0010188    .001505    -0.68   0.499    -.0
> 039743    .0019366
       req_4 |   -.004029   .0024171    -1.67   0.096    -.0
> 087755    .0007176
       req_5 |   .0030009   .0028248     1.06   0.288    -.0
> 025462     .008548
       req_6 |    .014368   .0039817     3.61   0.000     .0
> 065491     .022187
       req_7 |   .0115582   .0059502     1.94   0.053    -.0
> 001264    .0232429
       req_8 |   .0124556   .0059409     2.10   0.036     .0
> 007894    .0241219
       req_9 |   .0125408   .0065741     1.91   0.057     -.
> 000369    .0254505
      req_10 |   .0152674   .0058393     2.61   0.009     .0
> 038007    .0267341
      req_11 |   .0139656   .0062792     2.22   0.026      .
> 001635    .0262963
      req_12 |   .0298251   .0065741     4.54   0.000     .0
> 169154    .0427348
      req_13 |   .0146105   .0070194     2.08   0.038     .0
> 008264    .0283946
      req_14 |   .0158602   .0068877     2.30   0.022     .0
> 023348    .0293857
      req_15 |   .0191428   .0058118     3.29   0.001     .0
> 077301    .0305555
      req_16 |   .0175428   .0067306     2.61   0.009     .0
> 043257    .0307598
      req_17 |   .0209162   .0293134     0.71   0.476    -.0
> 366471    .0784795
      req_18 |   -.006667   .0481537    -0.14   0.890    -.1
> 012273    .0878932
      req_19 |   .0045707    .050823     0.09   0.928    -.0
> 952314    .1043728
   percent_1 |  -.0191532   .0071185    -2.69   0.007    -.0
> 331319   -.0051746
   percent_2 |  -.0030329   .0069203    -0.44   0.661    -.0
> 166225    .0105567
   percent_3 |  -.0033653   .0057713    -0.58   0.560    -.0
> 146986     .007968
   percent_4 |  -.0044319   .0070618    -0.63   0.531    -.0
> 182993    .0094355
   percent_5 |   .0048937   .0060849     0.80   0.422    -.0
> 070554    .0168428
   percent_6 |   .0082533   .0098426     0.84   0.402    -.0
> 110748    .0275814
   percent_7 |   .0315422   .0103345     3.05   0.002     .0
> 112482    .0518361
   percent_8 |   .0151982   .0100983     1.51   0.133     -.
> 004632    .0350283
   percent_9 |   .0133784   .0106809     1.25   0.211     -.
> 007596    .0343527
  percent_10 |   .0056797   .0082705     0.69   0.492    -.0
> 105612    .0219206
  percent_11 |   .0116927   .0106077     1.10   0.271    -.0
> 091379    .0325233
  percent_12 |  -.0520819   .0071719    -7.26   0.000    -.0
> 661654   -.0379983
  percent_13 |   .0170438   .0116267     1.47   0.143    -.0
> 057879    .0398754
  percent_14 |   .0135488   .0117803     1.15   0.251    -.0
> 095844    .0366821
  percent_15 |   .0231471   .0157527     1.47   0.142    -.0
> 077867    .0540809
  percent_16 |  -.0053829   .0079996    -0.67   0.501    -.0
> 210919    .0103261
  percent_17 |  -.0024529   .1115661    -0.02   0.982    -.2
> 215373    .2166315
  percent_18 |   .1162508   .1890403     0.61   0.539    -.2
> 549712    .4874728
  percent_19 |   .0573183   .1996295     0.29   0.774    -.3
> 346979    .4493344
  percent2_1 |   .0005662   .0001579     3.59   0.000     .0
> 002562    .0008763
  percent2_2 |   .0001406   .0001801     0.78   0.435    -.0
> 002131    .0004943
  percent2_3 |   .0001225     .00014     0.88   0.382    -.0
> 001524    .0003975
  percent2_4 |   .0001408   .0001712     0.82   0.411    -.0
> 001953    .0004769
  percent2_5 |  -.0000734   .0001432    -0.51   0.609    -.0
> 003546    .0002079
  percent2_6 |  -.0002637   .0001985    -1.33   0.184    -.0
> 006536    .0001261
  percent2_7 |  -.0007858    .000255    -3.08   0.002    -.0
> 012864   -.0002851
  percent2_8 |  -.0003099    .000241    -1.29   0.199    -.0
> 007832    .0001634
  percent2_9 |  -.0002295   .0002259    -1.02   0.310     -.
> 000673     .000214
 percent2_10 |  -.0001364   .0002226    -0.61   0.540    -.0
> 005736    .0003008
 percent2_11 |  -.0002113   .0002833    -0.75   0.456    -.0
> 007676     .000345
 percent2_12 |   .0009421   .0001888     4.99   0.000     .0
> 005713    .0013129
 percent2_13 |  -.0003068   .0002923    -1.05   0.294    -.0
> 008807    .0002672
 percent2_14 |  -.0002829   .0003095    -0.91   0.361    -.0
> 008906    .0003249
 percent2_15 |  -.0006758   .0004439    -1.52   0.128    -.0
> 015476     .000196
 percent2_16 |   .0002676   .0002294     1.17   0.244    -.0
> 001828     .000718
 percent2_17 |  -.0000631   .0020397    -0.03   0.975    -.0
> 040685    .0039424
 percent2_18 |  -.0021761   .0034037    -0.64   0.523      -
> .00886    .0045078
 percent2_19 |  -.0008896   .0036061    -0.25   0.805     -.
> 007971    .0061918
  percent3_1 |  -3.83e-06   9.98e-07    -3.84   0.000    -5.
> 79e-06   -1.87e-06
  percent3_2 |  -9.55e-07   1.25e-06    -0.76   0.445    -3.
> 41e-06    1.50e-06
  percent3_3 |  -7.57e-07   9.45e-07    -0.80   0.423    -2.
> 61e-06    1.10e-06
  percent3_4 |  -8.63e-07   1.16e-06    -0.74   0.457    -3.
> 14e-06    1.41e-06
  percent3_5 |   2.83e-07   9.48e-07     0.30   0.766    -1.
> 58e-06    2.14e-06
  percent3_6 |   1.96e-06   1.30e-06     1.51   0.132    -5.
> 91e-07    4.51e-06
  percent3_7 |   5.32e-06   1.75e-06     3.04   0.002     1.
> 88e-06    8.77e-06
  percent3_8 |   1.82e-06   1.64e-06     1.11   0.267    -1.
> 40e-06    5.05e-06
  percent3_9 |   9.86e-07   1.47e-06     0.67   0.504    -1.
> 91e-06    3.88e-06
 percent3_10 |   8.86e-07   1.55e-06     0.57   0.567    -2.
> 15e-06    3.92e-06
 percent3_11 |   1.12e-06   2.08e-06     0.54   0.591    -2.
> 96e-06    5.19e-06
 percent3_12 |  -5.23e-06   1.45e-06    -3.60   0.000    -8.
> 08e-06   -2.38e-06
 percent3_13 |   1.38e-06   2.09e-06     0.66   0.510    -2.
> 73e-06    5.48e-06
 percent3_14 |   1.81e-06   2.21e-06     0.82   0.411    -2.
> 52e-06    6.14e-06
 percent3_15 |   4.94e-06   3.19e-06     1.55   0.122    -1.
> 33e-06    .0000112
 percent3_16 |  -2.31e-06   1.65e-06    -1.40   0.161    -5.
> 54e-06    9.20e-07
 percent3_17 |   1.28e-06   .0000117     0.11   0.913    -.0
> 000217    .0000243
 percent3_18 |   .0000128    .000019     0.67   0.501    -.0
> 000245      .00005
 percent3_19 |   4.22e-06   .0000205     0.21   0.837     -.
> 000036    .0000444
       _cons |  -.2741536   .1075723    -2.55   0.011    -.4
> 853954   -.0629118
-------------+----------------------------------------------
> ------------------
       refid |   absorbed                                   
>  (1230 categories)

.  matrix fullb=e(b);

.  matrix fullV=e(V);

.  matrix bwin=fullb[1,"win_1".."win_19"]';

.  matrix Vwin=fullV["win_1".."win_19", "win_1".."win_19"];

.  matrix SEwin=vecdiag(cholesky(diag(vecdiag(Vwin))))';

.  matrix ests=bwin, SEwin;

.  matrix colnames ests = beta SE;

. *Now make data set so can make graph;
.  drop _all;

.  set obs 20;
obs was 0, now 20

.  gen year=_n;

.  svmat ests, names(col);

.  replace year=0 if year==20;
(1 real change made)

.  replace beta=1 if year==0;
(1 real change made)

.  replace SE=0 if year==0;
(1 real change made)

.  gen cil=beta-1.96*SE;

.  gen ciu=beta+1.96*SE;

.  sort year;

.  keep if year<=15;
(4 observations deleted)

. scatter beta year, mcolor(black) c(l) clcolor(black) ||
> line cil ciu year,
>        clpattern(shortdash shortdash) clcolor(black black 
> )
>        xtitle("Year (relative to election)") xlabel(0 (3) 
> 15)
>        ytitle("Effect on pr(pass bond)") yline(0, lpattern
> (dot))
>        legend(label(1 "Reduced-form RD estimate") label(2 
> "95% CI") order( 1 2) cols(1))
>        title("Reduced form RD estimates of the effect of b
> ond passage "
>              "on the probability of passing a later bond")
>        note(`"Notes:  Graph shows coefficients and 95% con
> fidence intervals from reduced-form RD estimate"'
>             `"of the effect of measure passage in year t o
> n the probability of passing a measure in "'
>             `"t+tau, using the specification described in 
> equation (#), taking an indicator for measure"'
>             `"passage as the dependent variable.  Standard
>  errors are clustered at the district level."')
>         saving(fig3, replace);
(note: file fig3.gph not found)
(file fig3.gph saved)

. scatter beta year, mcolor(black) c(l) clcolor(black) ||
> line cil ciu year,
>        clpattern(shortdash shortdash) clcolor(black black 
> )
>        xtitle("Year (relative to election)") xlabel(0 (3) 
> 15) ylabel(-0.5 (0.25) 1)
>        ytitle("Effect on pr(pass bond)") yline(0, lpattern
> (dot))
>        legend(label(1 "Reduced-form RD estimate") label(2 
> "95% CI") order( 1 2) cols(1) ring(0) pos(1))
>         saving(fig3_notitle, replace);
(note: file fig3_notitle.gph not found)
(file fig3_notitle.gph saved)

. log close;
       log:  C:\Documents and Settings\Jesse Rothstein\My Do
> cuments\projects\caelections\archive\figs_pis.log
  log type:  text
 closed on:   6 Mar 2010, 13:42:29
------------------------------------------------------------
